[main]	INFO	profile include tests: None
[main]	INFO	profile exclude tests: B108,B104
[main]	INFO	cli include tests: None
[main]	INFO	cli exclude tests: None
[main]	INFO	using config: pyproject.toml
[main]	INFO	running on Python 3.11.15
Working... ━━━━━━━━━━━━━━━━━━━━━━━━━━━━━━━━━━━━━━━━ 100% 0:00:03
Run started:2026-10-02 14:29:22.782386+00:00

Test results:
	No issues identified.

Code scanned:
	Total lines of code: 16128
	Total lines skipped (#nosec): 0
	Total potential issues skipped due to specifically being disabled (e.g., #nosec BXXX): 0

Run metrics:
	Total issues (by severity):
		Undefined: 0
		Low: 49
		Medium: 0
		High: 0
	Total issues (by confidence):
		Undefined: 0
		Low: 0
		Medium: 3
		High: 46
Files skipped (0):
