#0 building with "default" instance using docker driver

#1 [internal] load build definition from Dockerfile
#1 transferring dockerfile: 3.11kB 0.0s done
#1 DONE 0.1s

#2 [internal] load metadata for docker.io/library/python:3.11-slim
#2 DONE 2.6s

#3 [internal] load .dockerignore
#3 transferring context: 259B 0.0s done
#3 DONE 0.1s

#4 [internal] load build context
#4 DONE 0.0s

#5 [builder 1/6] FROM docker.io/library/python:3.11-slim@sha256:bab1b7ef4b450c81002278d035eff85ebe394ae94df904f7a3ba14f7e16e487b
#5 resolve docker.io/library/python:3.11-slim@sha256:bab1b7ef4b450c81002278d035eff85ebe394ae94df904f7a3ba14f7e16e487b 0.1s done
#5 DONE 0.1s

#4 [internal] load build context
#4 transferring context: 47.04MB 0.8s done
#4 DONE 1.0s

#6 [builder 2/6] WORKDIR /build
#6 CACHED

#7 [builder 3/6] RUN apt-get update && apt-get install -y --no-install-recommends     gcc     curl     ca-certificates     && rm -rf /var/lib/apt/lists/*
#7 CACHED

#8 [builder 4/6] COPY . .
#8 DONE 0.8s

#9 [builder 5/6] RUN pip install --no-cache-dir --prefix /install .
#9 5.573 Processing /build
#9 5.581   Installing build dependencies: started
#9 13.32   Installing build dependencies: finished with status 'done'
#9 13.32   Getting requirements to build wheel: started
#9 15.85   Getting requirements to build wheel: finished with status 'done'
#9 15.99   Preparing metadata (pyproject.toml): started
#9 16.67   Preparing metadata (pyproject.toml): finished with status 'done'
#9 17.44 Collecting typesafe-sdk>=0.6.0 (from jev-reflex==0.1.0)
#9 17.80   Downloading typesafe_sdk-0.7.2-py3-none-any.whl.metadata (2.8 kB)
#9 16.61 Collecting pydantic>=2.6 (from jev-reflex==0.1.0)
#9 16.75   Downloading pydantic-2.13.5-py3-none-any.whl.metadata (110 kB)
#9 16.85      ━━━━━━━━━━━━━━━━━━━━━━━━━━━━━━━━━━━━━━━ 110.2/110.2 kB 1.1 MB/s eta 0:00:00
#9 17.00 Collecting typer>=0.12 (from jev-reflex==0.1.0)
#9 17.07   Downloading typer-0.27.2-py3-none-any.whl.metadata (16 kB)
#9 17.21 Collecting PyYAML>=6.0 (from jev-reflex==0.1.0)
#9 17.27   Downloading pyyaml-6.0.3-cp311-cp311-manylinux2014_x86_64.manylinux_2_17_x86_64.manylinux_2_28_x86_64.whl.metadata (2.4 kB)
#9 18.13 Collecting cryptography>=41.0 (from jev-reflex==0.1.0)
#9 18.22   Downloading cryptography-50.0.2-cp311-abi3-manylinux_2_34_x86_64.whl.metadata (4.4 kB)
#9 18.38 Collecting requests>=2.31 (from jev-reflex==0.1.0)
#9 18.48   Downloading requests-2.34.2-py3-none-any.whl.metadata (4.8 kB)
#9 18.63 Collecting jsonschema>=4.21 (from jev-reflex==0.1.0)
#9 18.71   Downloading jsonschema-4.26.0-py3-none-any.whl.metadata (7.6 kB)
#9 18.94 Collecting referencing>=0.31 (from jev-reflex==0.1.0)
#9 19.05   Downloading referencing-0.37.0-py3-none-any.whl.metadata (2.8 kB)
#9 21.92 Collecting cffi>=2.0.0 (from cryptography>=41.0->jev-reflex==0.1.0)
#9 22.17   Downloading cffi-2.1.1-cp311-cp311-manylinux2014_x86_64.manylinux_2_17_x86_64.whl.metadata (2.5 kB)
#9 22.46 Collecting attrs>=22.2.0 (from jsonschema>=4.21->jev-reflex==0.1.0)
#9 22.52   Downloading attrs-26.1.0-py3-none-any.whl.metadata (8.8 kB)
#9 22.65 Collecting jsonschema-specifications>=2023.03.6 (from jsonschema>=4.21->jev-reflex==0.1.0)
#9 22.73   Downloading jsonschema_specifications-2025.9.1-py3-none-any.whl.metadata (2.9 kB)
#9 24.24 Collecting rpds-py>=0.25.0 (from jsonschema>=4.21->jev-reflex==0.1.0)
#9 24.32   Downloading rpds_py-2026.6.3-cp311-cp311-manylinux_2_17_x86_64.manylinux2014_x86_64.whl.metadata (4.1 kB)
#9 24.42 Collecting annotated-types>=0.6.0 (from pydantic>=2.6->jev-reflex==0.1.0)
#9 24.48   Downloading annotated_types-0.8.0-py3-none-any.whl.metadata (15 kB)
#9 29.17 Collecting pydantic-core==2.46.5 (from pydantic>=2.6->jev-reflex==0.1.0)
#9 29.23   Downloading pydantic_core-2.46.5-cp311-cp311-manylinux_2_17_x86_64.manylinux2014_x86_64.whl.metadata (6.6 kB)
#9 29.38 Collecting typing-extensions>=4.14.1 (from pydantic>=2.6->jev-reflex==0.1.0)
#9 29.49   Downloading typing_extensions-4.16.0-py3-none-any.whl.metadata (3.3 kB)
#9 29.57 Collecting typing-inspection>=0.4.2 (from pydantic>=2.6->jev-reflex==0.1.0)
#9 29.62   Downloading typing_inspection-0.4.4-py3-none-any.whl.metadata (2.6 kB)
#9 30.27 Collecting charset_normalizer<4,>=2 (from requests>=2.31->jev-reflex==0.1.0)
#9 30.35   Downloading charset_normalizer-3.5.2-cp311-cp311-manylinux2014_x86_64.manylinux_2_17_x86_64.manylinux_2_28_x86_64.whl.metadata (46 kB)
#9 30.40      ━━━━━━━━━━━━━━━━━━━━━━━━━━━━━━━━━━━━━━━ 46.4/46.4 kB 970.3 kB/s eta 0:00:00
#9 30.52 Collecting idna<4,>=2.5 (from requests>=2.31->jev-reflex==0.1.0)
#9 30.57   Downloading idna-3.20-py3-none-any.whl.metadata (7.2 kB)
#9 30.72 Collecting urllib3<3,>=1.26 (from requests>=2.31->jev-reflex==0.1.0)
#9 31.00   Downloading urllib3-2.8.0-py3-none-any.whl.metadata (7.4 kB)
#9 31.50 Collecting certifi>=2023.5.7 (from requests>=2.31->jev-reflex==0.1.0)
#9 31.73   Downloading certifi-2026.7.22-py3-none-any.whl.metadata (2.5 kB)
#9 32.17 Collecting shellingham>=1.3.0 (from typer>=0.12->jev-reflex==0.1.0)
#9 32.40   Downloading shellingham-1.5.4-py2.py3-none-any.whl.metadata (3.5 kB)
#9 32.73 Collecting rich>=13.8.0 (from typer>=0.12->jev-reflex==0.1.0)
#9 32.87   Downloading rich-15.0.0-py3-none-any.whl.metadata (18 kB)
#9 33.11 Collecting annotated-doc>=0.0.2 (from typer>=0.12->jev-reflex==0.1.0)
#9 33.32   Downloading annotated_doc-0.0.5-py3-none-any.whl.metadata (6.5 kB)
#9 33.48 Collecting httpx2>=2.0.0 (from typesafe-sdk>=0.6.0->jev-reflex==0.1.0)
#9 33.66   Downloading httpx2-2.13.1-py3-none-any.whl.metadata (9.8 kB)
#9 34.01 Collecting tenacity>=9.0.0 (from typesafe-sdk>=0.6.0->jev-reflex==0.1.0)
#9 34.24   Downloading tenacity-9.1.4-py3-none-any.whl.metadata (1.2 kB)
#9 34.36 Collecting pycparser (from cffi>=2.0.0->cryptography>=41.0->jev-reflex==0.1.0)
#9 34.41   Downloading pycparser-3.0-py3-none-any.whl.metadata (8.2 kB)
#9 34.61 Collecting anyio>=4.10 (from httpx2>=2.0.0->typesafe-sdk>=0.6.0->jev-reflex==0.1.0)
#9 34.67   Downloading anyio-4.15.1-py3-none-any.whl.metadata (4.7 kB)
#9 34.75 Collecting httpcore2==2.13.1 (from httpx2>=2.0.0->typesafe-sdk>=0.6.0->jev-reflex==0.1.0)
#9 34.81   Downloading httpcore2-2.13.1-py3-none-any.whl.metadata (26 kB)
#9 34.92 Collecting truststore>=0.10 (from httpx2>=2.0.0->typesafe-sdk>=0.6.0->jev-reflex==0.1.0)
#9 34.98   Downloading truststore-0.10.4-py3-none-any.whl.metadata (4.4 kB)
#9 35.09 Collecting h11>=0.16 (from httpcore2==2.13.1->httpx2>=2.0.0->typesafe-sdk>=0.6.0->jev-reflex==0.1.0)
#9 35.15   Downloading h11-0.16.0-py3-none-any.whl.metadata (8.3 kB)
#9 35.30 Collecting markdown-it-py>=2.2.0 (from rich>=13.8.0->typer>=0.12->jev-reflex==0.1.0)
#9 35.36   Downloading markdown_it_py-4.2.0-py3-none-any.whl.metadata (7.4 kB)
#9 35.47 Collecting pygments<3.0.0,>=2.13.0 (from rich>=13.8.0->typer>=0.12->jev-reflex==0.1.0)
#9 35.52   Downloading pygments-2.21.0-py3-none-any.whl.metadata (2.5 kB)
#9 35.76 Collecting mdurl~=0.1 (from markdown-it-py>=2.2.0->rich>=13.8.0->typer>=0.12->jev-reflex==0.1.0)
#9 35.82   Downloading mdurl-0.1.2-py3-none-any.whl.metadata (1.6 kB)
#9 35.97 Downloading cryptography-50.0.2-cp311-abi3-manylinux_2_34_x86_64.whl (4.8 MB)
#9 40.86    ━━━━━━━━━━━━━━━━━━━━━━━━━━━━━━━━━━━━━━━━ 4.8/4.8 MB 977.2 kB/s eta 0:00:00
#9 40.91 Downloading jsonschema-4.26.0-py3-none-any.whl (90 kB)
#9 40.98    ━━━━━━━━━━━━━━━━━━━━━━━━━━━━━━━━━━━━━━━━ 90.6/90.6 kB 1.4 MB/s eta 0:00:00
#9 41.04 Downloading pydantic-2.13.5-py3-none-any.whl (472 kB)
#9 41.68    ━━━━━━━━━━━━━━━━━━━━━━━━━━━━━━━━━━━━━━━ 472.6/472.6 kB 732.4 kB/s eta 0:00:00
#9 41.77 Downloading pydantic_core-2.46.5-cp311-cp311-manylinux_2_17_x86_64.manylinux2014_x86_64.whl (2.1 MB)
#9 45.38    ━━━━━━━━━━━━━━━━━━━━━━━━━━━━━━━━━━━━━━━━ 2.1/2.1 MB 576.3 kB/s eta 0:00:00
#9 45.45 Downloading pyyaml-6.0.3-cp311-cp311-manylinux2014_x86_64.manylinux_2_17_x86_64.manylinux_2_28_x86_64.whl (806 kB)
#9 46.05    ━━━━━━━━━━━━━━━━━━━━━━━━━━━━━━━━━━━━━━━━ 806.6/806.6 kB 1.3 MB/s eta 0:00:00
#9 46.11 Downloading referencing-0.37.0-py3-none-any.whl (26 kB)
#9 46.19 Downloading requests-2.34.2-py3-none-any.whl (73 kB)
#9 46.25    ━━━━━━━━━━━━━━━━━━━━━━━━━━━━━━━━━━━━━━━━ 73.1/73.1 kB 1.5 MB/s eta 0:00:00
#9 46.30 Downloading typer-0.27.2-py3-none-any.whl (123 kB)
#9 46.38    ━━━━━━━━━━━━━━━━━━━━━━━━━━━━━━━━━━━━━━━━ 123.1/123.1 kB 1.5 MB/s eta 0:00:00
#9 46.44 Downloading typesafe_sdk-0.7.2-py3-none-any.whl (36 kB)
#9 46.51 Downloading annotated_doc-0.0.5-py3-none-any.whl (5.3 kB)
#9 46.56 Downloading annotated_types-0.8.0-py3-none-any.whl (13 kB)
#9 46.63 Downloading attrs-26.1.0-py3-none-any.whl (67 kB)
#9 46.66    ━━━━━━━━━━━━━━━━━━━━━━━━━━━━━━━━━━━━━━━━ 67.5/67.5 kB 2.1 MB/s eta 0:00:00
#9 46.71 Downloading certifi-2026.7.22-py3-none-any.whl (136 kB)
#9 46.81    ━━━━━━━━━━━━━━━━━━━━━━━━━━━━━━━━━━━━━━━━ 137.0/137.0 kB 1.5 MB/s eta 0:00:00
#9 46.88 Downloading cffi-2.1.1-cp311-cp311-manylinux2014_x86_64.manylinux_2_17_x86_64.whl (217 kB)
#9 47.05    ━━━━━━━━━━━━━━━━━━━━━━━━━━━━━━━━━━━━━━━━ 217.8/217.8 kB 1.4 MB/s eta 0:00:00
#9 47.10 Downloading charset_normalizer-3.5.2-cp311-cp311-manylinux2014_x86_64.manylinux_2_17_x86_64.manylinux_2_28_x86_64.whl (269 kB)
#9 47.34    ━━━━━━━━━━━━━━━━━━━━━━━━━━━━━━━━━━━━━━━━ 270.0/270.0 kB 1.2 MB/s eta 0:00:00
#9 47.40 Downloading httpx2-2.13.1-py3-none-any.whl (95 kB)
#9 47.49    ━━━━━━━━━━━━━━━━━━━━━━━━━━━━━━━━━━━━━━━━ 95.6/95.6 kB 1.4 MB/s eta 0:00:00
#9 47.54 Downloading httpcore2-2.13.1-py3-none-any.whl (83 kB)
#9 47.64    ━━━━━━━━━━━━━━━━━━━━━━━━━━━━━━━━━━━━━━━━ 83.4/83.4 kB 1.2 MB/s eta 0:00:00
#9 47.71 Downloading idna-3.20-py3-none-any.whl (69 kB)
#9 47.79    ━━━━━━━━━━━━━━━━━━━━━━━━━━━━━━━━━━━━━━━━ 69.6/69.6 kB 849.9 kB/s eta 0:00:00
#9 47.90 Downloading jsonschema_specifications-2025.9.1-py3-none-any.whl (18 kB)
#9 48.02 Downloading rich-15.0.0-py3-none-any.whl (310 kB)
#9 47.45    ━━━━━━━━━━━━━━━━━━━━━━━━━━━━━━━━━━━━━━━ 310.7/310.7 kB 232.6 kB/s eta 0:00:00
#9 47.53 Downloading rpds_py-2026.6.3-cp311-cp311-manylinux_2_17_x86_64.manylinux2014_x86_64.whl (371 kB)
#9 48.42    ━━━━━━━━━━━━━━━━━━━━━━━━━━━━━━━━━━━━━━━ 371.3/371.3 kB 435.4 kB/s eta 0:00:00
#9 48.76 Downloading shellingham-1.5.4-py2.py3-none-any.whl (9.8 kB)
#9 48.83 Downloading tenacity-9.1.4-py3-none-any.whl (28 kB)
#9 49.00 Downloading typing_extensions-4.16.0-py3-none-any.whl (45 kB)
#9 49.09    ━━━━━━━━━━━━━━━━━━━━━━━━━━━━━━━━━━━━━━━━ 45.6/45.6 kB 609.9 kB/s eta 0:00:00
#9 49.15 Downloading typing_inspection-0.4.4-py3-none-any.whl (14 kB)
#9 49.24 Downloading urllib3-2.8.0-py3-none-any.whl (135 kB)
#9 49.50    ━━━━━━━━━━━━━━━━━━━━━━━━━━━━━━━━━━━━━━━ 135.7/135.7 kB 542.0 kB/s eta 0:00:00
#9 49.56 Downloading anyio-4.15.1-py3-none-any.whl (132 kB)
#9 49.72    ━━━━━━━━━━━━━━━━━━━━━━━━━━━━━━━━━━━━━━━ 132.1/132.1 kB 838.5 kB/s eta 0:00:00
#9 49.77 Downloading markdown_it_py-4.2.0-py3-none-any.whl (91 kB)
#9 49.88    ━━━━━━━━━━━━━━━━━━━━━━━━━━━━━━━━━━━━━━━━ 91.7/91.7 kB 891.9 kB/s eta 0:00:00
#9 49.95 Downloading pygments-2.21.0-py3-none-any.whl (1.3 MB)
#9 52.93    ━━━━━━━━━━━━━━━━━━━━━━━━━━━━━━━━━━━━━━━━ 1.3/1.3 MB 421.9 kB/s eta 0:00:00
#9 52.99 Downloading truststore-0.10.4-py3-none-any.whl (18 kB)
#9 53.57 Downloading pycparser-3.0-py3-none-any.whl (48 kB)
#9 53.62    ━━━━━━━━━━━━━━━━━━━━━━━━━━━━━━━━━━━━━━━━ 48.2/48.2 kB 836.8 kB/s eta 0:00:00
#9 53.83 Downloading h11-0.16.0-py3-none-any.whl (37 kB)
#9 53.88 Downloading mdurl-0.1.2-py3-none-any.whl (10.0 kB)
#9 53.99 Building wheels for collected packages: jev-reflex
#9 54.00   Building wheel for jev-reflex (pyproject.toml): started
#9 54.61   Building wheel for jev-reflex (pyproject.toml): finished with status 'done'
#9 54.61   Created wheel for jev-reflex: filename=jev_reflex-0.1.0-py3-none-any.whl size=231795 sha256=9a75b2d4c9a42e3630250e6d961cde4f5d1e3b65d571abd5bb845941bc6d3fa0
#9 54.62   Stored in directory: /tmp/pip-ephem-wheel-cache-ten5swuk/wheels/de/58/76/633f094fc07d1863c26645e86c4bc9a1104f2a5bea1d5c5943
#9 54.62 Successfully built jev-reflex
#9 54.86 Installing collected packages: urllib3, typing-extensions, truststore, tenacity, shellingham, rpds-py, PyYAML, pygments, pycparser, mdurl, idna, h11, charset_normalizer, certifi, attrs, annotated-types, annotated-doc, typing-inspection, requests, referencing, pydantic-core, markdown-it-py, httpcore2, cffi, anyio, rich, pydantic, jsonschema-specifications, httpx2, cryptography, typesafe-sdk, typer, jsonschema, jev-reflex
#9 62.60 Successfully installed PyYAML-6.0.3 annotated-doc-0.0.5 annotated-types-0.8.0 anyio-4.15.1 attrs-26.1.0 certifi-2026.7.22 cffi-2.1.1 charset_normalizer-3.5.2 cryptography-50.0.2 h11-0.16.0 httpcore2-2.13.1 httpx2-2.13.1 idna-3.20 jev-reflex-0.1.0 jsonschema-4.26.0 jsonschema-specifications-2025.9.1 markdown-it-py-4.2.0 mdurl-0.1.2 pycparser-3.0 pydantic-2.13.5 pydantic-core-2.46.5 pygments-2.21.0 referencing-0.37.0 requests-2.34.2 rich-15.0.0 rpds-py-2026.6.3 shellingham-1.5.4 tenacity-9.1.4 truststore-0.10.4 typer-0.27.2 typesafe-sdk-0.7.2 typing-extensions-4.16.0 typing-inspection-0.4.4 urllib3-2.8.0
#9 62.60 WARNING: Running pip as the 'root' user can result in broken permissions and conflicting behaviour with the system package manager. It is recommended to use a virtual environment instead: https://pip.pypa.io/warnings/venv
#9 63.15
#9 63.15 [notice] A new release of pip is available: 24.0 -> 26.2.1
#9 63.15 [notice] To update, run: pip install --upgrade pip
#9 DONE 70.4s

#10 [builder 6/6] RUN set -eu;     case "$(dpkg --print-architecture)" in       amd64) asset=linux_x64; checksum=551f6fc83ea457d62a0d98237cbad105af8d557003051f41f3e7ca7b3f2470eb ;;       arm64) asset=linux_arm64; checksum=e4a487ee7ccd7d3a7f7ec08657610aa3606637dab924210b3aee62570fb4b080 ;;       *) echo "unsupported gitleaks architecture" >&2; exit 1 ;;     esac;     curl -fsSL "https://github.com/gitleaks/gitleaks/releases/download/v8.30.1/gitleaks_8.30.1_${asset}.tar.gz" -o /tmp/gitleaks.tar.gz;     echo "${checksum}  /tmp/gitleaks.tar.gz" | sha256sum -c -;     tar -xzf /tmp/gitleaks.tar.gz -C /install/bin gitleaks
#10 9.499 /tmp/gitleaks.tar.gz: OK
#10 DONE 10.9s

#11 [stage-1 2/7] RUN groupadd -r jrx && useradd -r -g jrx jrx
#11 CACHED

#12 [stage-1 3/7] RUN apt-get update && apt-get install -y --no-install-recommends     libssl3     ca-certificates     && rm -rf /var/lib/apt/lists/*
#12 CACHED

#13 [stage-1 4/7] COPY --from=builder /install /usr/local
#13 DONE 6.0s

#14 [stage-1 5/7] RUN gitleaks version
#14 0.915 8.30.1
#14 DONE 1.0s

#15 [stage-1 6/7] RUN mkdir -p /home/jrx/.jev-reflex &&     chmod 700 /home/jrx/.jev-reflex &&     chown -R jrx:jrx /home/jrx/.jev-reflex
#15 DONE 0.5s

#16 [stage-1 7/7] WORKDIR /home/jrx
#16 DONE 0.1s

#17 exporting to image
#17 exporting layers
#17 exporting layers 4.8s done
#17 exporting manifest sha256:0cd2f4b751f58e84a14971250adb823cebfa63448a0ef8e314db3c3b2f3ea916 0.0s done
#17 exporting config sha256:483753110f8226b7c5dbee54a75a28438d19065a95636dc299ca949f2367c919 0.0s done
#17 exporting attestation manifest sha256:082bfac64d1f9310ccb73b612570c9cdb6ee8243929c57616da8233ec5ce1d33
#17 exporting attestation manifest sha256:082bfac64d1f9310ccb73b612570c9cdb6ee8243929c57616da8233ec5ce1d33 0.1s done
#17 exporting manifest list sha256:c9659399979123013f2cc3553da8b7a60cb72240bed0c7250f4f353d8efac334 0.0s done
#17 naming to docker.io/library/jrx-complete-test-9107b0d:local done
#17 unpacking to docker.io/library/jrx-complete-test-9107b0d:local
#17 unpacking to docker.io/library/jrx-complete-test-9107b0d:local 1.3s done
#17 DONE 6.4s
