#0 building with "default" instance using docker driver

#1 [internal] load build definition from Dockerfile
#1 transferring dockerfile: 3.11kB 0.0s done
#1 DONE 0.1s

#2 [internal] load metadata for docker.io/library/python:3.11-slim
#2 DONE 2.4s

#3 [internal] load .dockerignore
#3 transferring context: 259B 0.0s done
#3 DONE 0.1s

#4 [internal] load build context
#4 DONE 0.0s

#5 [builder 1/6] FROM docker.io/library/python:3.11-slim@sha256:bab1b7ef4b450c81002278d035eff85ebe394ae94df904f7a3ba14f7e16e487b
#5 resolve docker.io/library/python:3.11-slim@sha256:bab1b7ef4b450c81002278d035eff85ebe394ae94df904f7a3ba14f7e16e487b 0.1s done
#5 DONE 0.1s

#4 [internal] load build context
#4 transferring context: 47.04MB 0.7s done
#4 DONE 0.7s

#6 [builder 2/6] WORKDIR /build
#6 CACHED

#7 [builder 3/6] RUN apt-get update && apt-get install -y --no-install-recommends     gcc     curl     ca-certificates     && rm -rf /var/lib/apt/lists/*
#7 CACHED

#8 [builder 4/6] COPY . .
#8 DONE 2.5s

#9 [builder 5/6] RUN pip install --no-cache-dir --prefix /install .
#9 9.930 Processing /build
#9 9.934   Installing build dependencies: started
#9 14.59   Installing build dependencies: finished with status 'done'
#9 14.60   Getting requirements to build wheel: started
#9 15.49   Getting requirements to build wheel: finished with status 'done'
#9 15.49   Preparing metadata (pyproject.toml): started
#9 15.83   Preparing metadata (pyproject.toml): finished with status 'done'
#9 16.19 Collecting typesafe-sdk>=0.6.0 (from jev-reflex==0.1.0)
#9 16.51   Downloading typesafe_sdk-0.7.2-py3-none-any.whl.metadata (2.8 kB)
#9 16.95 Collecting pydantic>=2.6 (from jev-reflex==0.1.0)
#9 17.00   Downloading pydantic-2.13.5-py3-none-any.whl.metadata (110 kB)
#9 17.10      ━━━━━━━━━━━━━━━━━━━━━━━━━━━━━━━━━━━━━━━ 110.2/110.2 kB 1.1 MB/s eta 0:00:00
#9 17.22 Collecting typer>=0.12 (from jev-reflex==0.1.0)
#9 17.26   Downloading typer-0.27.2-py3-none-any.whl.metadata (16 kB)
#9 17.44 Collecting PyYAML>=6.0 (from jev-reflex==0.1.0)
#9 17.49   Downloading pyyaml-6.0.3-cp311-cp311-manylinux2014_x86_64.manylinux_2_17_x86_64.manylinux_2_28_x86_64.whl.metadata (2.4 kB)
#9 18.16 Collecting cryptography>=41.0 (from jev-reflex==0.1.0)
#9 18.22   Downloading cryptography-50.0.2-cp311-abi3-manylinux_2_34_x86_64.whl.metadata (4.4 kB)
#9 18.34 Collecting requests>=2.31 (from jev-reflex==0.1.0)
#9 18.59   Downloading requests-2.34.2-py3-none-any.whl.metadata (4.8 kB)
#9 18.71 Collecting jsonschema>=4.21 (from jev-reflex==0.1.0)
#9 18.77   Downloading jsonschema-4.26.0-py3-none-any.whl.metadata (7.6 kB)
#9 18.89 Collecting referencing>=0.31 (from jev-reflex==0.1.0)
#9 18.94   Downloading referencing-0.37.0-py3-none-any.whl.metadata (2.8 kB)
#9 19.28 Collecting cffi>=2.0.0 (from cryptography>=41.0->jev-reflex==0.1.0)
#9 19.34   Downloading cffi-2.1.1-cp311-cp311-manylinux2014_x86_64.manylinux_2_17_x86_64.whl.metadata (2.5 kB)
#9 19.47 Collecting attrs>=22.2.0 (from jsonschema>=4.21->jev-reflex==0.1.0)
#9 19.53   Downloading attrs-26.1.0-py3-none-any.whl.metadata (8.8 kB)
#9 19.61 Collecting jsonschema-specifications>=2023.03.6 (from jsonschema>=4.21->jev-reflex==0.1.0)
#9 19.68   Downloading jsonschema_specifications-2025.9.1-py3-none-any.whl.metadata (2.9 kB)
#9 20.88 Collecting rpds-py>=0.25.0 (from jsonschema>=4.21->jev-reflex==0.1.0)
#9 20.94   Downloading rpds_py-2026.6.3-cp311-cp311-manylinux_2_17_x86_64.manylinux2014_x86_64.whl.metadata (4.1 kB)
#9 21.02 Collecting annotated-types>=0.6.0 (from pydantic>=2.6->jev-reflex==0.1.0)
#9 21.07   Downloading annotated_types-0.8.0-py3-none-any.whl.metadata (15 kB)
#9 24.79 Collecting pydantic-core==2.46.5 (from pydantic>=2.6->jev-reflex==0.1.0)
#9 24.85   Downloading pydantic_core-2.46.5-cp311-cp311-manylinux_2_17_x86_64.manylinux2014_x86_64.whl.metadata (6.6 kB)
#9 24.97 Collecting typing-extensions>=4.14.1 (from pydantic>=2.6->jev-reflex==0.1.0)
#9 25.02   Downloading typing_extensions-4.16.0-py3-none-any.whl.metadata (3.3 kB)
#9 25.10 Collecting typing-inspection>=0.4.2 (from pydantic>=2.6->jev-reflex==0.1.0)
#9 25.17   Downloading typing_inspection-0.4.4-py3-none-any.whl.metadata (2.6 kB)
#9 25.81 Collecting charset_normalizer<4,>=2 (from requests>=2.31->jev-reflex==0.1.0)
#9 25.85   Downloading charset_normalizer-3.5.2-cp311-cp311-manylinux2014_x86_64.manylinux_2_17_x86_64.manylinux_2_28_x86_64.whl.metadata (46 kB)
#9 25.88      ━━━━━━━━━━━━━━━━━━━━━━━━━━━━━━━━━━━━━━━━ 46.4/46.4 kB 5.3 MB/s eta 0:00:00
#9 26.00 Collecting idna<4,>=2.5 (from requests>=2.31->jev-reflex==0.1.0)
#9 26.04   Downloading idna-3.20-py3-none-any.whl.metadata (7.2 kB)
#9 26.21 Collecting urllib3<3,>=1.26 (from requests>=2.31->jev-reflex==0.1.0)
#9 26.25   Downloading urllib3-2.8.0-py3-none-any.whl.metadata (7.4 kB)
#9 26.37 Collecting certifi>=2023.5.7 (from requests>=2.31->jev-reflex==0.1.0)
#9 26.42   Downloading certifi-2026.7.22-py3-none-any.whl.metadata (2.5 kB)
#9 26.55 Collecting shellingham>=1.3.0 (from typer>=0.12->jev-reflex==0.1.0)
#9 26.60   Downloading shellingham-1.5.4-py2.py3-none-any.whl.metadata (3.5 kB)
#9 26.81 Collecting rich>=13.8.0 (from typer>=0.12->jev-reflex==0.1.0)
#9 26.87   Downloading rich-15.0.0-py3-none-any.whl.metadata (18 kB)
#9 26.94 Collecting annotated-doc>=0.0.2 (from typer>=0.12->jev-reflex==0.1.0)
#9 27.00   Downloading annotated_doc-0.0.5-py3-none-any.whl.metadata (6.5 kB)
#9 27.11 Collecting httpx2>=2.0.0 (from typesafe-sdk>=0.6.0->jev-reflex==0.1.0)
#9 27.17   Downloading httpx2-2.13.1-py3-none-any.whl.metadata (9.8 kB)
#9 27.32 Collecting tenacity>=9.0.0 (from typesafe-sdk>=0.6.0->jev-reflex==0.1.0)
#9 27.39   Downloading tenacity-9.1.4-py3-none-any.whl.metadata (1.2 kB)
#9 27.56 Collecting pycparser (from cffi>=2.0.0->cryptography>=41.0->jev-reflex==0.1.0)
#9 27.61   Downloading pycparser-3.0-py3-none-any.whl.metadata (8.2 kB)
#9 27.75 Collecting anyio>=4.10 (from httpx2>=2.0.0->typesafe-sdk>=0.6.0->jev-reflex==0.1.0)
#9 27.81   Downloading anyio-4.15.1-py3-none-any.whl.metadata (4.7 kB)
#9 27.89 Collecting httpcore2==2.13.1 (from httpx2>=2.0.0->typesafe-sdk>=0.6.0->jev-reflex==0.1.0)
#9 27.95   Downloading httpcore2-2.13.1-py3-none-any.whl.metadata (26 kB)
#9 28.09 Collecting truststore>=0.10 (from httpx2>=2.0.0->typesafe-sdk>=0.6.0->jev-reflex==0.1.0)
#9 28.15   Downloading truststore-0.10.4-py3-none-any.whl.metadata (4.4 kB)
#9 28.28 Collecting h11>=0.16 (from httpcore2==2.13.1->httpx2>=2.0.0->typesafe-sdk>=0.6.0->jev-reflex==0.1.0)
#9 28.35   Downloading h11-0.16.0-py3-none-any.whl.metadata (8.3 kB)
#9 28.50 Collecting markdown-it-py>=2.2.0 (from rich>=13.8.0->typer>=0.12->jev-reflex==0.1.0)
#9 28.56   Downloading markdown_it_py-4.2.0-py3-none-any.whl.metadata (7.4 kB)
#9 28.70 Collecting pygments<3.0.0,>=2.13.0 (from rich>=13.8.0->typer>=0.12->jev-reflex==0.1.0)
#9 28.78   Downloading pygments-2.21.0-py3-none-any.whl.metadata (2.5 kB)
#9 29.03 Collecting mdurl~=0.1 (from markdown-it-py>=2.2.0->rich>=13.8.0->typer>=0.12->jev-reflex==0.1.0)
#9 29.09   Downloading mdurl-0.1.2-py3-none-any.whl.metadata (1.6 kB)
#9 29.22 Downloading cryptography-50.0.2-cp311-abi3-manylinux_2_34_x86_64.whl (4.8 MB)
#9 34.47    ━━━━━━━━━━━━━━━━━━━━━━━━━━━━━━━━━━━━━━━━ 4.8/4.8 MB 908.7 kB/s eta 0:00:00
#9 34.54 Downloading jsonschema-4.26.0-py3-none-any.whl (90 kB)
#9 34.62    ━━━━━━━━━━━━━━━━━━━━━━━━━━━━━━━━━━━━━━━━ 90.6/90.6 kB 1.1 MB/s eta 0:00:00
#9 34.69 Downloading pydantic-2.13.5-py3-none-any.whl (472 kB)
#9 35.14    ━━━━━━━━━━━━━━━━━━━━━━━━━━━━━━━━━━━━━━━━ 472.6/472.6 kB 1.1 MB/s eta 0:00:00
#9 35.21 Downloading pydantic_core-2.46.5-cp311-cp311-manylinux_2_17_x86_64.manylinux2014_x86_64.whl (2.1 MB)
#9 37.49    ━━━━━━━━━━━━━━━━━━━━━━━━━━━━━━━━━━━━━━━━ 2.1/2.1 MB 911.5 kB/s eta 0:00:00
#9 37.55 Downloading pyyaml-6.0.3-cp311-cp311-manylinux2014_x86_64.manylinux_2_17_x86_64.manylinux_2_28_x86_64.whl (806 kB)
#9 38.20    ━━━━━━━━━━━━━━━━━━━━━━━━━━━━━━━━━━━━━━━━ 806.6/806.6 kB 1.3 MB/s eta 0:00:00
#9 38.27 Downloading referencing-0.37.0-py3-none-any.whl (26 kB)
#9 38.36 Downloading requests-2.34.2-py3-none-any.whl (73 kB)
#9 38.60    ━━━━━━━━━━━━━━━━━━━━━━━━━━━━━━━━━━━━━━━━ 73.1/73.1 kB 274.8 kB/s eta 0:00:00
#9 38.66 Downloading typer-0.27.2-py3-none-any.whl (123 kB)
#9 38.77    ━━━━━━━━━━━━━━━━━━━━━━━━━━━━━━━━━━━━━━━━ 123.1/123.1 kB 1.3 MB/s eta 0:00:00
#9 38.84 Downloading typesafe_sdk-0.7.2-py3-none-any.whl (36 kB)
#9 38.92 Downloading annotated_doc-0.0.5-py3-none-any.whl (5.3 kB)
#9 38.97 Downloading annotated_types-0.8.0-py3-none-any.whl (13 kB)
#9 39.04 Downloading attrs-26.1.0-py3-none-any.whl (67 kB)
#9 39.09    ━━━━━━━━━━━━━━━━━━━━━━━━━━━━━━━━━━━━━━━━ 67.5/67.5 kB 2.4 MB/s eta 0:00:00
#9 39.15 Downloading certifi-2026.7.22-py3-none-any.whl (136 kB)
#9 39.22    ━━━━━━━━━━━━━━━━━━━━━━━━━━━━━━━━━━━━━━━━ 137.0/137.0 kB 2.0 MB/s eta 0:00:00
#9 39.28 Downloading cffi-2.1.1-cp311-cp311-manylinux2014_x86_64.manylinux_2_17_x86_64.whl (217 kB)
#9 39.42    ━━━━━━━━━━━━━━━━━━━━━━━━━━━━━━━━━━━━━━━━ 217.8/217.8 kB 1.5 MB/s eta 0:00:00
#9 39.49 Downloading charset_normalizer-3.5.2-cp311-cp311-manylinux2014_x86_64.manylinux_2_17_x86_64.manylinux_2_28_x86_64.whl (269 kB)
#9 39.62    ━━━━━━━━━━━━━━━━━━━━━━━━━━━━━━━━━━━━━━━━ 270.0/270.0 kB 2.1 MB/s eta 0:00:00
#9 39.66 Downloading httpx2-2.13.1-py3-none-any.whl (95 kB)
#9 39.70    ━━━━━━━━━━━━━━━━━━━━━━━━━━━━━━━━━━━━━━━━ 95.6/95.6 kB 3.2 MB/s eta 0:00:00
#9 39.76 Downloading httpcore2-2.13.1-py3-none-any.whl (83 kB)
#9 39.93    ━━━━━━━━━━━━━━━━━━━━━━━━━━━━━━━━━━━━━━━━ 83.4/83.4 kB 62.6 MB/s eta 0:00:00
#9 40.01 Downloading idna-3.20-py3-none-any.whl (69 kB)
#9 40.02    ━━━━━━━━━━━━━━━━━━━━━━━━━━━━━━━━━━━━━━━━ 69.6/69.6 kB 110.0 MB/s eta 0:00:00
#9 40.07 Downloading jsonschema_specifications-2025.9.1-py3-none-any.whl (18 kB)
#9 40.13 Downloading rich-15.0.0-py3-none-any.whl (310 kB)
#9 40.30    ━━━━━━━━━━━━━━━━━━━━━━━━━━━━━━━━━━━━━━━━ 310.7/310.7 kB 1.9 MB/s eta 0:00:00
#9 40.36 Downloading rpds_py-2026.6.3-cp311-cp311-manylinux_2_17_x86_64.manylinux2014_x86_64.whl (371 kB)
#9 39.03    ━━━━━━━━━━━━━━━━━━━━━━━━━━━━━━━━━━━━━━━━ 371.3/371.3 kB 1.8 MB/s eta 0:00:00
#9 39.09 Downloading shellingham-1.5.4-py2.py3-none-any.whl (9.8 kB)
#9 39.15 Downloading tenacity-9.1.4-py3-none-any.whl (28 kB)
#9 39.22 Downloading typing_extensions-4.16.0-py3-none-any.whl (45 kB)
#9 39.25    ━━━━━━━━━━━━━━━━━━━━━━━━━━━━━━━━━━━━━━━━ 45.6/45.6 kB 2.0 MB/s eta 0:00:00
#9 39.31 Downloading typing_inspection-0.4.4-py3-none-any.whl (14 kB)
#9 39.36 Downloading urllib3-2.8.0-py3-none-any.whl (135 kB)
#9 39.51    ━━━━━━━━━━━━━━━━━━━━━━━━━━━━━━━━━━━━━━━━ 135.7/135.7 kB 1.8 MB/s eta 0:00:00
#9 39.57 Downloading anyio-4.15.1-py3-none-any.whl (132 kB)
#9 39.69    ━━━━━━━━━━━━━━━━━━━━━━━━━━━━━━━━━━━━━━━━ 132.1/132.1 kB 1.1 MB/s eta 0:00:00
#9 39.75 Downloading markdown_it_py-4.2.0-py3-none-any.whl (91 kB)
#9 39.85    ━━━━━━━━━━━━━━━━━━━━━━━━━━━━━━━━━━━━━━━━ 91.7/91.7 kB 1.0 MB/s eta 0:00:00
#9 39.91 Downloading pygments-2.21.0-py3-none-any.whl (1.3 MB)
#9 41.67    ━━━━━━━━━━━━━━━━━━━━━━━━━━━━━━━━━━━━━━━━ 1.3/1.3 MB 712.0 kB/s eta 0:00:00
#9 41.74 Downloading truststore-0.10.4-py3-none-any.whl (18 kB)
#9 41.83 Downloading pycparser-3.0-py3-none-any.whl (48 kB)
#9 41.90    ━━━━━━━━━━━━━━━━━━━━━━━━━━━━━━━━━━━━━━━━ 48.2/48.2 kB 804.4 kB/s eta 0:00:00
#9 41.97 Downloading h11-0.16.0-py3-none-any.whl (37 kB)
#9 42.12 Downloading mdurl-0.1.2-py3-none-any.whl (10.0 kB)
#9 42.29 Building wheels for collected packages: jev-reflex
#9 42.30   Building wheel for jev-reflex (pyproject.toml): started
#9 43.15   Building wheel for jev-reflex (pyproject.toml): finished with status 'done'
#9 43.15   Created wheel for jev-reflex: filename=jev_reflex-0.1.0-py3-none-any.whl size=231838 sha256=e6f9f27e0e3977c0c9522921b18799d7d11bcadd736f07df9bbcf31546e18fe6
#9 43.15   Stored in directory: /tmp/pip-ephem-wheel-cache-0i7h2vsb/wheels/de/58/76/633f094fc07d1863c26645e86c4bc9a1104f2a5bea1d5c5943
#9 43.16 Successfully built jev-reflex
#9 43.50 Installing collected packages: urllib3, typing-extensions, truststore, tenacity, shellingham, rpds-py, PyYAML, pygments, pycparser, mdurl, idna, h11, charset_normalizer, certifi, attrs, annotated-types, annotated-doc, typing-inspection, requests, referencing, pydantic-core, markdown-it-py, httpcore2, cffi, anyio, rich, pydantic, jsonschema-specifications, httpx2, cryptography, typesafe-sdk, typer, jsonschema, jev-reflex
#9 51.21 Successfully installed PyYAML-6.0.3 annotated-doc-0.0.5 annotated-types-0.8.0 anyio-4.15.1 attrs-26.1.0 certifi-2026.7.22 cffi-2.1.1 charset_normalizer-3.5.2 cryptography-50.0.2 h11-0.16.0 httpcore2-2.13.1 httpx2-2.13.1 idna-3.20 jev-reflex-0.1.0 jsonschema-4.26.0 jsonschema-specifications-2025.9.1 markdown-it-py-4.2.0 mdurl-0.1.2 pycparser-3.0 pydantic-2.13.5 pydantic-core-2.46.5 pygments-2.21.0 referencing-0.37.0 requests-2.34.2 rich-15.0.0 rpds-py-2026.6.3 shellingham-1.5.4 tenacity-9.1.4 truststore-0.10.4 typer-0.27.2 typesafe-sdk-0.7.2 typing-extensions-4.16.0 typing-inspection-0.4.4 urllib3-2.8.0
#9 51.21 WARNING: Running pip as the 'root' user can result in broken permissions and conflicting behaviour with the system package manager. It is recommended to use a virtual environment instead: https://pip.pypa.io/warnings/venv
#9 52.50
#9 52.50 [notice] A new release of pip is available: 24.0 -> 26.2.1
#9 52.50 [notice] To update, run: pip install --upgrade pip
#9 DONE 54.3s

#10 [builder 6/6] RUN set -eu;     case "$(dpkg --print-architecture)" in       amd64) asset=linux_x64; checksum=551f6fc83ea457d62a0d98237cbad105af8d557003051f41f3e7ca7b3f2470eb ;;       arm64) asset=linux_arm64; checksum=e4a487ee7ccd7d3a7f7ec08657610aa3606637dab924210b3aee62570fb4b080 ;;       *) echo "unsupported gitleaks architecture" >&2; exit 1 ;;     esac;     curl -fsSL "https://github.com/gitleaks/gitleaks/releases/download/v8.30.1/gitleaks_8.30.1_${asset}.tar.gz" -o /tmp/gitleaks.tar.gz;     echo "${checksum}  /tmp/gitleaks.tar.gz" | sha256sum -c -;     tar -xzf /tmp/gitleaks.tar.gz -C /install/bin gitleaks
#10 9.437 /tmp/gitleaks.tar.gz: OK
#10 DONE 12.8s

#11 [stage-1 2/7] RUN groupadd -r jrx && useradd -r -g jrx jrx
#11 CACHED

#12 [stage-1 3/7] RUN apt-get update && apt-get install -y --no-install-recommends     libssl3     ca-certificates     && rm -rf /var/lib/apt/lists/*
#12 CACHED

#13 [stage-1 4/7] COPY --from=builder /install /usr/local
#13 DONE 2.6s

#14 [stage-1 5/7] RUN gitleaks version
#14 4.011 8.30.1
#14 DONE 4.1s

#15 [stage-1 6/7] RUN mkdir -p /home/jrx/.jev-reflex &&     chmod 700 /home/jrx/.jev-reflex &&     chown -R jrx:jrx /home/jrx/.jev-reflex
#15 DONE 0.7s

#16 [stage-1 7/7] WORKDIR /home/jrx
#16 DONE 0.1s

#17 exporting to image
#17 exporting layers
#17 exporting layers 12.0s done
#17 exporting manifest sha256:fb57ca673dbf43885589d0bf97d67a4d73d6bd1abf12c275040975d8dd12c893 0.0s done
#17 exporting config sha256:ebc1cb9ce76c5895867c310e0aa32dd67543b553e194193ba0345d729a800e1d
#17 exporting config sha256:ebc1cb9ce76c5895867c310e0aa32dd67543b553e194193ba0345d729a800e1d 0.3s done
#17 exporting attestation manifest sha256:88b2c89e0360737475f5e0d286c42e1dc41c8ced55fd4874c9377a080ad50970
#17 exporting attestation manifest sha256:88b2c89e0360737475f5e0d286c42e1dc41c8ced55fd4874c9377a080ad50970 2.0s done
#17 exporting manifest list sha256:d9a775be35885fe52b7dbefaa00d3dc7310f188a45cbaf5e20793b52c879ebd7
#17 exporting manifest list sha256:d9a775be35885fe52b7dbefaa00d3dc7310f188a45cbaf5e20793b52c879ebd7 1.0s done
#17 naming to docker.io/library/jrx-complete-test-3e676b2:local
#17 naming to docker.io/library/jrx-complete-test-3e676b2:local 0.0s done
#17 unpacking to docker.io/library/jrx-complete-test-3e676b2:local
#17 unpacking to docker.io/library/jrx-complete-test-3e676b2:local 2.0s done
#17 DONE 17.6s
