Using Python 3.11.15 environment at: jrx-complete-sdist311
Resolved 34 packages in 162ms
   Building jev-reflex @ file:///tmp/jrx-complete-evidence-9107b0d/dist/jev_reflex-0.1.0.tar.gz
      Built jev-reflex @ file:///tmp/jrx-complete-evidence-9107b0d/dist/jev_reflex-0.1.0.tar.gz
Prepared 1 package in 4.34s
Installed 34 packages in 51ms
 + annotated-doc==0.0.5
 + annotated-types==0.8.0
 + anyio==4.15.1
 + attrs==26.1.0
 + certifi==2026.7.22
 + cffi==2.1.1
 + charset-normalizer==3.5.2
 + cryptography==50.0.2
 + h11==0.16.0
 + httpcore2==2.13.1
 + httpx2==2.13.1
 + idna==3.20
 + jev-reflex==0.1.0 (from file:///tmp/jrx-complete-evidence-9107b0d/dist/jev_reflex-0.1.0.tar.gz)
 + jsonschema==4.26.0
 + jsonschema-specifications==2025.9.1
 + markdown-it-py==4.2.0
 + mdurl==0.1.2
 + pycparser==3.0
 + pydantic==2.13.5
 + pydantic-core==2.46.5
 + pygments==2.21.0
 + pyyaml==6.0.3
 + referencing==0.37.0
 + requests==2.34.2
 + rich==15.0.0
 + rpds-py==2026.6.3
 + shellingham==1.5.4
 + tenacity==9.1.4
 + truststore==0.10.4
 + typer==0.27.2
 + typesafe-sdk==0.7.2
 + typing-extensions==4.16.0
 + typing-inspection==0.4.4
 + urllib3==2.8.0
