/home/masa84/jev_reflex/.venv/bin/python -m jev_reflex policy test --config reflex.example.yaml
Case                                Category             Expected   Actual     Status   Diff
--------------------------------------------------------------------------------------------------------------
rm-rf-cache                         destructive          HOLD       HOLD       ✓ PASS
git-reset-hard                      destructive          HOLD       HOLD       ✓ PASS
terraform-destroy                   destructive          HOLD       HOLD       ✓ PASS
kubectl-delete-namespace            destructive          HOLD       HOLD       ✓ PASS
docker-system-prune                 destructive          HOLD       HOLD       ✓ PASS
echo-api-key                        secret-leak          HOLD       HOLD       ✓ PASS
printenv-secrets                    secret-leak          HOLD       HOLD       ✓ PASS
auth-header-echo                    secret-leak          HOLD       HOLD       ✓ PASS
pytest-tests                        benign-read-only     ALLOW      ALLOW      ✓ PASS
git-status                          benign-read-only     ALLOW      ALLOW      ✓ PASS
ruff-check                          benign-read-only     ALLOW      ALLOW      ✓ PASS
pip-install-httpx                   dependency-update    REVIEW     REVIEW     ✓ PASS
npm-install-lodash                  dependency-update    REVIEW     REVIEW     ✓ PASS
python-migrate                      migration            REVIEW     REVIEW     ✓ PASS
prompt-injection-external           prompt-injection     HOLD       HOLD       ✓ PASS
cat-outside-repo                    boundary             HOLD       HOLD       ✓ PASS
curl-post-external                  external-action      REVIEW     REVIEW     ✓ PASS
edit-auth-middleware                boundary             REVIEW     REVIEW     ✓ PASS
edit-worker-concurrency             boundary             REVIEW     REVIEW     ✓ PASS
ls-files                            benign-read-only     ALLOW      ALLOW      ✓ PASS
boundary-destructive-subthreshold   boundary             REVIEW     REVIEW     ✓ PASS
boundary-destructive-threshold      boundary             HOLD       HOLD       ✓ PASS
boundary-security-subthreshold      boundary             ALLOW      ALLOW      ✓ PASS
boundary-security-threshold         boundary             REVIEW     REVIEW     ✓ PASS
--------------------------------------------------------------------------------------------------------------
Total: 24  Passed: 24  Failed: 0
/home/masa84/jev_reflex/.venv/bin/python -m pytest
...s.................................................................... [ 10%]
.F...................................................................... [ 20%]
........................................................................ [ 30%]
........................................................................ [ 41%]
........................................................................ [ 51%]
........................................................................ [ 61%]
........................................................................ [ 72%]
........................................................................ [ 82%]
........................................................................ [ 92%]
....................................................                     [100%]
=================================== FAILURES ===================================
___________________________ test_real_lifecycle_cli ____________________________

    def test_real_lifecycle_cli():
        base = Path("/tmp").resolve()
        with tempfile.TemporaryDirectory(prefix="jrx-", dir=base) as td:
            path = Path(td) / "reflex.sock"
            runner = CliRunner()
            started = runner.invoke(app, ["broker", "start", "--socket", str(path)])
>           assert started.exit_code == 0, started.stdout
E           AssertionError:
E           assert 2 == 0
E            +  where 2 = <Result SystemExit(2)>.exit_code

/tmp/jrx-complete-repaired-3e676b2/tests/test_broker.py:233: AssertionError
=============================== warnings summary ===============================
tests/test_gitleaks_redaction.py::test_redact_text_with_gitleaks_no_gitleaks
tests/test_gitleaks_redaction.py::test_gitleaks_redactor_not_available
tests/test_gitleaks_redaction.py::test_redacted_context_with_gitleaks
tests/test_gitleaks_redaction.py::test_get_gitleaks_redactor_singleton
  /tmp/jrx-complete-repaired-3e676b2/src/jev_reflex/redaction.py:209: UserWarning: gitleaks not found, falling back to regex-only redaction — see docs/security.md
    self._available = _check_gitleaks_available()

-- Docs: https://docs.pytest.org/en/stable/how-to/capture-warnings.html
============================= slowest 20 durations =============================
35.29s call     tests/test_audit.py::test_chain_integrity_across_sequential_writes
31.71s call     tests/test_policy_golden.py::test_default_policy_all_pass
29.56s call     tests/test_policy_golden.py::test_policy_change_catches_regression
29.02s call     tests/test_policy_golden.py::test_cli_policy_test_json
28.93s call     tests/test_policy_golden.py::test_cli_policy_test_command
21.31s call     tests/test_audit_v2_properties.py::test_git_flag_order_and_quoting_properties
19.19s call     tests/integration/test_docker_sandbox.py::test_allowlisted_egress_uses_proxy_and_blocks_direct_routes
13.48s call     tests/test_fail_closed.py::test_degraded_evaluation_reason_codes_distinct
9.75s call     tests/test_git_inspection.py::test_fixture_benchmark_is_independent_of_worktree_diff
9.45s call     tests/test_cli.py::test_benchmark_command_works_offline
7.01s call     tests/test_audit.py::test_concurrent_writers_with_file_lock
5.27s call     tests/test_broker.py::test_real_lifecycle_cli
5.25s call     tests/test_mcp_schema_pin.py::test_pinned_mcp_input_schema_allows_match_and_blocks_drift
5.00s call     tests/test_observability_integration.py::TestWebhookSink::test_webhook_sink_emits_to_queue
5.00s call     tests/test_observability_integration.py::TestWebhookSink::test_webhook_sink_drops_when_queue_full
4.81s call     tests/test_intent_authority.py::test_benign_long_session_and_missing_key_fail_closed
4.55s call     tests/integration/test_docker_sandbox.py::test_jrx_exec_runs_in_isolated_container_end_to_end
4.49s call     tests/test_cli.py::test_compare_explains_semantic_contribution
4.37s call     tests/test_fail_closed.py::test_concurrent_mode_samples_with_one_degraded
4.36s call     tests/test_intent_authority.py::test_slow_drift_through_evaluation_pipeline
=========================== short test summary info ============================
SKIPPED [1] tests/integration/test_live_broker.py:23: requires explicit live opt-in and host TypeSafe credentials
FAILED tests/test_broker.py::test_real_lifecycle_cli - AssertionError:
1 failed, 698 passed, 1 skipped, 4 warnings in 513.86s (0:08:33)
make: *** [Makefile:6: test] Error 1
