...s.................................................................... [ 10%]
........................................................................ [ 20%]
........................................................................ [ 30%]
........................................................................ [ 41%]
........................................................................ [ 51%]
........................................................................ [ 61%]
........................................................................ [ 72%]
........................................................................ [ 82%]
........................................................................ [ 92%]
.................................................                        [100%]
=============================== warnings summary ===============================
tests/test_gitleaks_redaction.py::test_redact_text_with_gitleaks_no_gitleaks
tests/test_gitleaks_redaction.py::test_gitleaks_redactor_not_available
tests/test_gitleaks_redaction.py::test_redacted_context_with_gitleaks
tests/test_gitleaks_redaction.py::test_get_gitleaks_redactor_singleton
  /tmp/jrx-complete-wheel311/lib/python3.11/site-packages/jev_reflex/redaction.py:209: UserWarning: gitleaks not found, falling back to regex-only redaction — see docs/security.md
    self._available = _check_gitleaks_available()

-- Docs: https://docs.pytest.org/en/stable/how-to/capture-warnings.html
============================= slowest 20 durations =============================
67.39s call     tests/test_fail_closed.py::test_degraded_evaluation_reason_codes_distinct
61.32s call     tests/test_policy_golden.py::test_cli_policy_test_command
53.97s call     tests/test_policy_golden.py::test_default_policy_all_pass
45.47s call     tests/test_policy_golden.py::test_cli_policy_test_json
42.17s call     tests/test_policy_golden.py::test_policy_change_catches_regression
35.16s call     tests/test_audit.py::test_chain_integrity_across_sequential_writes
33.33s call     tests/test_git_inspection.py::test_fixture_benchmark_is_independent_of_worktree_diff
32.98s call     tests/test_fail_closed.py::test_typesafe_failures_are_fail_closed[enforce-missing_api_key]
20.85s call     tests/test_fail_closed.py::test_typesafe_failures_are_fail_closed[enforce-network_unreachable]
19.69s call     tests/test_cli.py::test_benchmark_command_works_offline
18.38s call     tests/test_fail_closed.py::test_broker_socket_hangs
14.53s call     tests/integration/test_docker_sandbox.py::test_allowlisted_egress_uses_proxy_and_blocks_direct_routes
14.44s call     tests/test_human_override.py::test_allow_hold_override_true_permits_in_enforce_mode
14.04s call     tests/test_cli.py::test_compare_explains_semantic_contribution
13.91s call     tests/test_mcp_schema_pin.py::test_pinned_mcp_input_schema_allows_match_and_blocks_drift
13.51s call     tests/test_audit_v2_properties.py::test_git_flag_order_and_quoting_properties
10.43s call     tests/test_fail_closed.py::test_typesafe_failures_are_fail_closed[enforce-401_unauthorized]
10.00s call     tests/test_fail_closed.py::test_concurrent_mode_samples_with_one_degraded
9.86s call     tests/test_intent_authority.py::test_slow_drift_through_evaluation_pipeline
9.32s call     tests/test_fail_closed.py::test_typesafe_failures_are_fail_closed[enforce-sdk_missing]
=========================== short test summary info ============================
SKIPPED [1] tests/integration/test_live_broker.py:23: requires explicit live opt-in and host TypeSafe credentials
696 passed, 1 skipped, 4 warnings in 1020.06s (0:17:00)
